[thms.works/index.html]
[backblue.gif]
[fade.gif]
[index.html]
[thms.works/social.jpg]
[thms.works/styles.css]
[code.jquery.com/jquery-latest.min.js]
[thms.works/js/jquery.lazyload.min.js]
[thms.works/script.js]
[thms.works/apple-icon-57x57.png]
[thms.works/apple-icon-60x60.png]
[thms.works/apple-icon-72x72.png]
[thms.works/apple-icon-76x76.png]
[thms.works/apple-icon-114x114.png]
[thms.works/apple-icon-120x120.png]
[thms.works/apple-icon-144x144.png]
[thms.works/apple-icon-152x152.png]
[thms.works/apple-icon-180x180.png]
[thms.works/android-icon-192x192.png]
[thms.works/favicon-32x32.png]
[thms.works/favicon-96x96.png]
[thms.works/favicon-16x16.png]
[thms.works/favicon.svg]
[thms.works/manifest.json]
[thms.works/profile.html]
[thms.works/lab.html]
[thms.works/work/kard.html]
[thms.works/img/kard.jpg]
[thms.works/work/foreignrap.html]
[thms.works/img/foreignrap.jpg]
[thms.works/work/kaema.html]
[thms.works/img/kaema.jpg]
[thms.works/work/serif-tv.html]
[thms.works/img/serif-tv.jpg]
[thms.works/work/yas.html]
[thms.works/img/yas.png]
[thms.works/work/powder.html]
[thms.works/img/powder.jpg]
[thms.works/work/free.html]
[thms.works/img/free.jpg]
[thms.works/work/sounds-app.html]
[thms.works/img/sounds-app.jpg]
[thms.works/work/sounds.html]
[thms.works/img/sounds.jpg]
[thms.works/work/carolina-herrera.html]
[thms.works/img/carolina-herrera.jpg]
[thms.works/work/goodnight.html]
[thms.works/img/goodnight.jpg]
[thms.works/work/orange.html]
[thms.works/img/orange.jpg]
[thms.works/work/havas-voyages.html]
[thms.works/img/havas-voyages.jpg]
[thms.works/work/versus.html]
[thms.works/img/versus.jpg]
[thms.works/img/dribbble.png]
[thms.works/work/archives.html]
[thms.works/img/archives.jpg]
[thms.works/index.html]
[thms.works/fonts/HelveticaNowDisplay-Light.eot]
[thms.works/fonts/HelveticaNowDisplay-Light.woff]
[thms.works/fonts/HelveticaNowDisplay-Light.ttf]
[thms.works/fonts/HelveticaNowDisplay-Light.svg]
[thms.works/fonts/HelveticaNowDisplay-Regular.eot]
[thms.works/fonts/HelveticaNowDisplay-Regular.woff]
[thms.works/fonts/HelveticaNowDisplay-Regular.ttf]
[thms.works/fonts/HelveticaNowDisplay-Regular.svg]
[thms.works/fonts/OldLondon.eot]
[thms.works/fonts/OldLondon.woff]
[thms.works/fonts/OldLondon.ttf]
[thms.works/fonts/OldLondon.svg]
[thms.works/img/cursor-black.png]
[thms.works/img/cursor-black.svg]
[thms.works/img/cursor-black@2x.png]
[thms.works/img/pointer.png]
[thms.works/img/pointer.svg]
[thms.works/img/pointer@2x.png]
[thms.works/img/monogram-black.svg]
[thms.works/styles.css]
[thms.works/favicon.svg]
[thms.works/img/placeholder.gif]
[thms.works/img/icons/ico-chanel.png]
[thms.works/img/icons/ico-orange.png]
[thms.works/img/icons/ico-loreal.png]
[thms.works/img/icons/ico-nexity.png]
[thms.works/img/icons/ico-free.png]
[thms.works/img/icons/ico-molotov.png]
[thms.works/img/icons/ico-samsung.png]
[thms.works/img/icons/ico-bnpparibas.png]
[thms.works/img/icons/ico-talentsoft.png]
[thms.works/img/icons/ico-engie.png]
[thms.works/img/icons/ico-withings.png]
[thms.works/img/icons/ico-barnes.png]
[thms.works/img/icons/ico-montreux.png]
[thms.works/img/icons/ico-axa.png]
[thms.works/img/icons/ico-danone.png]
[thms.works/img/icons/ico-doctolib.png]
[thms.works/img/icons/ico-heineken.png]
[thms.works/img/icons/ico-covea.png]
[thms.works/img/icons/ico-renault.png]
[thms.works/img/icons/ico-nescafe.png]
[thms.works/profile.html]
[thms.works/lab.html]
[thms.works/work/img/kard/pink02.mp4]
[thms.works/work/img/kard/holo02.mp4]
[thms.works/work/kard.html]
[thms.works/work/foreignrap.html]
[thms.works/work/kaema.html]
[thms.works/work/serif-tv.html]
[thms.works/work/yas.html]
[thms.works/work/powder.html]
[thms.works/work/free.html]
[thms.works/work/sounds-app.html]
[thms.works/work/sounds.html]
[thms.works/work/carolina-herrera.html]
[thms.works/work/goodnight.html]
[thms.works/work/orange.html]
[thms.works/work/havas-voyages.html]
[thms.works/work/versus.html]
[thms.works/work/archives.html]
[thms.works/fonts/HelveticaNowDisplay-Light.svg]
[thms.works/fonts/HelveticaNowDisplay-Regular.svg]
[thms.works/fonts/OldLondon.svg]
[thms.works/img/cursor-black.svg]
[thms.works/img/pointer.svg]
[thms.works/img/monogram-black.svg]
